../Core/Src/main.c:87:5:main	8	static
../Core/Src/main.c:174:6:SystemClock_Config	96	static
../Core/Src/main.c:225:13:MX_ADC1_Init	8	static
../Core/Src/main.c:283:13:MX_I2C1_Init	8	static
../Core/Src/main.c:331:13:MX_GPIO_Init	40	static
../Core/Src/main.c:374:6:readAdc0	8	static
../Core/Src/main.c:396:6:readAdc1	8	static
../Core/Src/main.c:411:6:DHT11_init	4	static
../Core/Src/main.c:417:6:buttonStateFunc	8	static
../Core/Src/main.c:433:6:HAL_GPIO_EXTI_Callback	16	static
../Core/Src/main.c:445:6:Error_Handler	4	static,ignoring_inline_asm
