../Core/Src/main.c:102:5:main	8	static
../Core/Src/main.c:225:6:SystemClock_Config	96	static
../Core/Src/main.c:276:13:MX_ADC1_Init	32	static
../Core/Src/main.c:334:13:MX_I2C1_Init	8	static
../Core/Src/main.c:382:13:MX_TIM6_Init	24	static
../Core/Src/main.c:420:13:MX_GPIO_Init	40	static
../Core/Src/main.c:463:6:readAdc0	8	static
../Core/Src/main.c:485:6:readAdc1	8	static
../Core/Src/main.c:500:6:delay	16	static
../Core/Src/main.c:506:6:setPinInput	40	static
../Core/Src/main.c:515:6:setPinOutput	40	static
../Core/Src/main.c:524:6:DHTstart	8	static
../Core/Src/main.c:534:9:Check_Response	16	static
../Core/Src/main.c:555:9:DHT11_Read	16	static
../Core/Src/main.c:576:6:buttonStateFunc	8	static
../Core/Src/main.c:592:6:HAL_GPIO_EXTI_Callback	16	static
../Core/Src/main.c:604:6:Error_Handler	4	static,ignoring_inline_asm
